progress task=media-drift-reconcile stage=media_drift_reconcile status=started completed=0 total=5 progress_percent=0.00 success=0 failed=0 skipped=0
progress task=media-drift-reconcile stage=sku_pending_formalization status=started completed=0 total=5 progress_percent=0.00 success=0 failed=0 skipped=0
progress task=media-drift-reconcile stage=sku_pending_formalization status=started completed=0 total=0 progress_percent=100.00 success=0 failed=0 skipped=0
progress task=media-drift-reconcile stage=sku_pending_formalization status=completed completed=1 total=5 progress_percent=20.00 success=0 failed=0 skipped=0
progress task=media-drift-reconcile stage=business_id_media_key_migration status=started completed=1 total=5 progress_percent=20.00 success=0 failed=0 skipped=0
progress task=media-drift-reconcile stage=business_id_media_key_migration status=started completed=0 total=100 progress_percent=0.00 success=0 failed=0 skipped=0
progress task=media-drift-reconcile stage=business_id_media_key_migration status=item_started completed=0 total=100 progress_percent=0.00 success=0 failed=0 skipped=0
progress task=media-drift-reconcile stage=business_id_media_key_migration status=skipped completed=1 total=100 progress_percent=1.00 success=0 failed=0 skipped=1
progress task=media-drift-reconcile stage=business_id_media_key_migration status=item_started completed=1 total=100 progress_percent=1.00 success=0 failed=0 skipped=1
progress task=media-drift-reconcile stage=business_id_media_key_migration status=skipped completed=2 total=100 progress_percent=2.00 success=0 failed=0 skipped=2
progress task=media-drift-reconcile stage=business_id_media_key_migration status=item_started completed=2 total=100 progress_percent=2.00 success=0 failed=0 skipped=2
progress task=media-drift-reconcile stage=business_id_media_key_migration status=skipped completed=3 total=100 progress_percent=3.00 success=0 failed=0 skipped=3
progress task=media-drift-reconcile stage=business_id_media_key_migration status=item_started completed=3 total=100 progress_percent=3.00 success=0 failed=0 skipped=3
progress task=media-drift-reconcile stage=business_id_media_key_migration status=skipped completed=4 total=100 progress_percent=4.00 success=0 failed=0 skipped=4
progress task=media-drift-reconcile stage=business_id_media_key_migration status=item_started completed=4 total=100 progress_percent=4.00 success=0 failed=0 skipped=4
progress task=media-drift-reconcile stage=business_id_media_key_migration status=skipped completed=5 total=100 progress_percent=5.00 success=0 failed=0 skipped=5
progress task=media-drift-reconcile stage=business_id_media_key_migration status=item_started completed=5 total=100 progress_percent=5.00 success=0 failed=0 skipped=5
progress task=media-drift-reconcile stage=business_id_media_key_migration status=skipped completed=6 total=100 progress_percent=6.00 success=0 failed=0 skipped=6
progress task=media-drift-reconcile stage=business_id_media_key_migration status=item_started completed=6 total=100 progress_percent=6.00 success=0 failed=0 skipped=6
progress task=media-drift-reconcile stage=business_id_media_key_migration status=skipped completed=7 total=100 progress_percent=7.00 success=0 failed=0 skipped=7
progress task=media-drift-reconcile stage=business_id_media_key_migration status=item_started completed=7 total=100 progress_percent=7.00 success=0 failed=0 skipped=7
progress task=media-drift-reconcile stage=business_id_media_key_migration status=skipped completed=8 total=100 progress_percent=8.00 success=0 failed=0 skipped=8
progress task=media-drift-reconcile stage=business_id_media_key_migration status=item_started completed=8 total=100 progress_percent=8.00 success=0 failed=0 skipped=8
progress task=media-drift-reconcile stage=business_id_media_key_migration status=skipped completed=9 total=100 progress_percent=9.00 success=0 failed=0 skipped=9
progress task=media-drift-reconcile stage=business_id_media_key_migration status=item_started completed=9 total=100 progress_percent=9.00 success=0 failed=0 skipped=9
progress task=media-drift-reconcile stage=business_id_media_key_migration status=skipped completed=10 total=100 progress_percent=10.00 success=0 failed=0 skipped=10
progress task=media-drift-reconcile stage=business_id_media_key_migration status=item_started completed=10 total=100 progress_percent=10.00 success=0 failed=0 skipped=10
progress task=media-drift-reconcile stage=business_id_media_key_migration status=skipped completed=11 total=100 progress_percent=11.00 success=0 failed=0 skipped=11
progress task=media-drift-reconcile stage=business_id_media_key_migration status=item_started completed=11 total=100 progress_percent=11.00 success=0 failed=0 skipped=11
progress task=media-drift-reconcile stage=business_id_media_key_migration status=skipped completed=12 total=100 progress_percent=12.00 success=0 failed=0 skipped=12
progress task=media-drift-reconcile stage=business_id_media_key_migration status=item_started completed=12 total=100 progress_percent=12.00 success=0 failed=0 skipped=12
progress task=media-drift-reconcile stage=business_id_media_key_migration status=skipped completed=13 total=100 progress_percent=13.00 success=0 failed=0 skipped=13
progress task=media-drift-reconcile stage=business_id_media_key_migration status=item_started completed=13 total=100 progress_percent=13.00 success=0 failed=0 skipped=13
progress task=media-drift-reconcile stage=business_id_media_key_migration status=skipped completed=14 total=100 progress_percent=14.00 success=0 failed=0 skipped=14
progress task=media-drift-reconcile stage=business_id_media_key_migration status=item_started completed=14 total=100 progress_percent=14.00 success=0 failed=0 skipped=14
progress task=media-drift-reconcile stage=business_id_media_key_migration status=skipped completed=15 total=100 progress_percent=15.00 success=0 failed=0 skipped=15
progress task=media-drift-reconcile stage=business_id_media_key_migration status=item_started completed=15 total=100 progress_percent=15.00 success=0 failed=0 skipped=15
progress task=media-drift-reconcile stage=business_id_media_key_migration status=skipped completed=16 total=100 progress_percent=16.00 success=0 failed=0 skipped=16
progress task=media-drift-reconcile stage=business_id_media_key_migration status=item_started completed=16 total=100 progress_percent=16.00 success=0 failed=0 skipped=16
progress task=media-drift-reconcile stage=business_id_media_key_migration status=skipped completed=17 total=100 progress_percent=17.00 success=0 failed=0 skipped=17
progress task=media-drift-reconcile stage=business_id_media_key_migration status=item_started completed=17 total=100 progress_percent=17.00 success=0 failed=0 skipped=17
progress task=media-drift-reconcile stage=business_id_media_key_migration status=skipped completed=18 total=100 progress_percent=18.00 success=0 failed=0 skipped=18
progress task=media-drift-reconcile stage=business_id_media_key_migration status=item_started completed=18 total=100 progress_percent=18.00 success=0 failed=0 skipped=18
progress task=media-drift-reconcile stage=business_id_media_key_migration status=skipped completed=19 total=100 progress_percent=19.00 success=0 failed=0 skipped=19
progress task=media-drift-reconcile stage=business_id_media_key_migration status=item_started completed=19 total=100 progress_percent=19.00 success=0 failed=0 skipped=19
progress task=media-drift-reconcile stage=business_id_media_key_migration status=skipped completed=20 total=100 progress_percent=20.00 success=0 failed=0 skipped=20
progress task=media-drift-reconcile stage=business_id_media_key_migration status=item_started completed=20 total=100 progress_percent=20.00 success=0 failed=0 skipped=20
progress task=media-drift-reconcile stage=business_id_media_key_migration status=skipped completed=21 total=100 progress_percent=21.00 success=0 failed=0 skipped=21
progress task=media-drift-reconcile stage=business_id_media_key_migration status=item_started completed=21 total=100 progress_percent=21.00 success=0 failed=0 skipped=21
progress task=media-drift-reconcile stage=business_id_media_key_migration status=skipped completed=22 total=100 progress_percent=22.00 success=0 failed=0 skipped=22
progress task=media-drift-reconcile stage=business_id_media_key_migration status=item_started completed=22 total=100 progress_percent=22.00 success=0 failed=0 skipped=22
progress task=media-drift-reconcile stage=business_id_media_key_migration status=skipped completed=23 total=100 progress_percent=23.00 success=0 failed=0 skipped=23
progress task=media-drift-reconcile stage=business_id_media_key_migration status=item_started completed=23 total=100 progress_percent=23.00 success=0 failed=0 skipped=23
progress task=media-drift-reconcile stage=business_id_media_key_migration status=skipped completed=24 total=100 progress_percent=24.00 success=0 failed=0 skipped=24
progress task=media-drift-reconcile stage=business_id_media_key_migration status=item_started completed=24 total=100 progress_percent=24.00 success=0 failed=0 skipped=24
progress task=media-drift-reconcile stage=business_id_media_key_migration status=checking_source completed=24 total=100 progress_percent=24.00 success=0 failed=0 skipped=24
progress task=media-drift-reconcile stage=business_id_media_key_migration status=checking_target completed=24 total=100 progress_percent=24.00 success=0 failed=0 skipped=24
progress task=media-drift-reconcile stage=business_id_media_key_migration status=dry_run completed=25 total=100 progress_percent=25.00 success=0 failed=0 skipped=24
progress task=media-drift-reconcile stage=business_id_media_key_migration status=item_started completed=25 total=100 progress_percent=25.00 success=0 failed=0 skipped=24
progress task=media-drift-reconcile stage=business_id_media_key_migration status=skipped completed=26 total=100 progress_percent=26.00 success=0 failed=0 skipped=25
progress task=media-drift-reconcile stage=business_id_media_key_migration status=item_started completed=26 total=100 progress_percent=26.00 success=0 failed=0 skipped=25
progress task=media-drift-reconcile stage=business_id_media_key_migration status=skipped completed=27 total=100 progress_percent=27.00 success=0 failed=0 skipped=26
progress task=media-drift-reconcile stage=business_id_media_key_migration status=item_started completed=27 total=100 progress_percent=27.00 success=0 failed=0 skipped=26
progress task=media-drift-reconcile stage=business_id_media_key_migration status=skipped completed=28 total=100 progress_percent=28.00 success=0 failed=0 skipped=27
progress task=media-drift-reconcile stage=business_id_media_key_migration status=item_started completed=28 total=100 progress_percent=28.00 success=0 failed=0 skipped=27
progress task=media-drift-reconcile stage=business_id_media_key_migration status=skipped completed=29 total=100 progress_percent=29.00 success=0 failed=0 skipped=28
progress task=media-drift-reconcile stage=business_id_media_key_migration status=item_started completed=29 total=100 progress_percent=29.00 success=0 failed=0 skipped=28
progress task=media-drift-reconcile stage=business_id_media_key_migration status=skipped completed=30 total=100 progress_percent=30.00 success=0 failed=0 skipped=29
progress task=media-drift-reconcile stage=business_id_media_key_migration status=item_started completed=30 total=100 progress_percent=30.00 success=0 failed=0 skipped=29
progress task=media-drift-reconcile stage=business_id_media_key_migration status=skipped completed=31 total=100 progress_percent=31.00 success=0 failed=0 skipped=30
progress task=media-drift-reconcile stage=business_id_media_key_migration status=item_started completed=31 total=100 progress_percent=31.00 success=0 failed=0 skipped=30
progress task=media-drift-reconcile stage=business_id_media_key_migration status=skipped completed=32 total=100 progress_percent=32.00 success=0 failed=0 skipped=31
progress task=media-drift-reconcile stage=business_id_media_key_migration status=item_started completed=32 total=100 progress_percent=32.00 success=0 failed=0 skipped=31
progress task=media-drift-reconcile stage=business_id_media_key_migration status=skipped completed=33 total=100 progress_percent=33.00 success=0 failed=0 skipped=32
progress task=media-drift-reconcile stage=business_id_media_key_migration status=item_started completed=33 total=100 progress_percent=33.00 success=0 failed=0 skipped=32
progress task=media-drift-reconcile stage=business_id_media_key_migration status=skipped completed=34 total=100 progress_percent=34.00 success=0 failed=0 skipped=33
progress task=media-drift-reconcile stage=business_id_media_key_migration status=item_started completed=34 total=100 progress_percent=34.00 success=0 failed=0 skipped=33
progress task=media-drift-reconcile stage=business_id_media_key_migration status=skipped completed=35 total=100 progress_percent=35.00 success=0 failed=0 skipped=34
progress task=media-drift-reconcile stage=business_id_media_key_migration status=item_started completed=35 total=100 progress_percent=35.00 success=0 failed=0 skipped=34
progress task=media-drift-reconcile stage=business_id_media_key_migration status=skipped completed=36 total=100 progress_percent=36.00 success=0 failed=0 skipped=35
progress task=media-drift-reconcile stage=business_id_media_key_migration status=item_started completed=36 total=100 progress_percent=36.00 success=0 failed=0 skipped=35
progress task=media-drift-reconcile stage=business_id_media_key_migration status=skipped completed=37 total=100 progress_percent=37.00 success=0 failed=0 skipped=36
progress task=media-drift-reconcile stage=business_id_media_key_migration status=item_started completed=37 total=100 progress_percent=37.00 success=0 failed=0 skipped=36
progress task=media-drift-reconcile stage=business_id_media_key_migration status=skipped completed=38 total=100 progress_percent=38.00 success=0 failed=0 skipped=37
progress task=media-drift-reconcile stage=business_id_media_key_migration status=item_started completed=38 total=100 progress_percent=38.00 success=0 failed=0 skipped=37
progress task=media-drift-reconcile stage=business_id_media_key_migration status=skipped completed=39 total=100 progress_percent=39.00 success=0 failed=0 skipped=38
progress task=media-drift-reconcile stage=business_id_media_key_migration status=item_started completed=39 total=100 progress_percent=39.00 success=0 failed=0 skipped=38
progress task=media-drift-reconcile stage=business_id_media_key_migration status=skipped completed=40 total=100 progress_percent=40.00 success=0 failed=0 skipped=39
progress task=media-drift-reconcile stage=business_id_media_key_migration status=item_started completed=40 total=100 progress_percent=40.00 success=0 failed=0 skipped=39
progress task=media-drift-reconcile stage=business_id_media_key_migration status=skipped completed=41 total=100 progress_percent=41.00 success=0 failed=0 skipped=40
progress task=media-drift-reconcile stage=business_id_media_key_migration status=item_started completed=41 total=100 progress_percent=41.00 success=0 failed=0 skipped=40
progress task=media-drift-reconcile stage=business_id_media_key_migration status=skipped completed=42 total=100 progress_percent=42.00 success=0 failed=0 skipped=41
progress task=media-drift-reconcile stage=business_id_media_key_migration status=item_started completed=42 total=100 progress_percent=42.00 success=0 failed=0 skipped=41
progress task=media-drift-reconcile stage=business_id_media_key_migration status=skipped completed=43 total=100 progress_percent=43.00 success=0 failed=0 skipped=42
progress task=media-drift-reconcile stage=business_id_media_key_migration status=item_started completed=43 total=100 progress_percent=43.00 success=0 failed=0 skipped=42
progress task=media-drift-reconcile stage=business_id_media_key_migration status=skipped completed=44 total=100 progress_percent=44.00 success=0 failed=0 skipped=43
progress task=media-drift-reconcile stage=business_id_media_key_migration status=item_started completed=44 total=100 progress_percent=44.00 success=0 failed=0 skipped=43
progress task=media-drift-reconcile stage=business_id_media_key_migration status=skipped completed=45 total=100 progress_percent=45.00 success=0 failed=0 skipped=44
progress task=media-drift-reconcile stage=business_id_media_key_migration status=item_started completed=45 total=100 progress_percent=45.00 success=0 failed=0 skipped=44
progress task=media-drift-reconcile stage=business_id_media_key_migration status=skipped completed=46 total=100 progress_percent=46.00 success=0 failed=0 skipped=45
progress task=media-drift-reconcile stage=business_id_media_key_migration status=item_started completed=46 total=100 progress_percent=46.00 success=0 failed=0 skipped=45
progress task=media-drift-reconcile stage=business_id_media_key_migration status=skipped completed=47 total=100 progress_percent=47.00 success=0 failed=0 skipped=46
progress task=media-drift-reconcile stage=business_id_media_key_migration status=item_started completed=47 total=100 progress_percent=47.00 success=0 failed=0 skipped=46
progress task=media-drift-reconcile stage=business_id_media_key_migration status=skipped completed=48 total=100 progress_percent=48.00 success=0 failed=0 skipped=47
progress task=media-drift-reconcile stage=business_id_media_key_migration status=item_started completed=48 total=100 progress_percent=48.00 success=0 failed=0 skipped=47
progress task=media-drift-reconcile stage=business_id_media_key_migration status=skipped completed=49 total=100 progress_percent=49.00 success=0 failed=0 skipped=48
progress task=media-drift-reconcile stage=business_id_media_key_migration status=item_started completed=49 total=100 progress_percent=49.00 success=0 failed=0 skipped=48
progress task=media-drift-reconcile stage=business_id_media_key_migration status=skipped completed=50 total=100 progress_percent=50.00 success=0 failed=0 skipped=49
progress task=media-drift-reconcile stage=business_id_media_key_migration status=item_started completed=50 total=100 progress_percent=50.00 success=0 failed=0 skipped=49
progress task=media-drift-reconcile stage=business_id_media_key_migration status=skipped completed=51 total=100 progress_percent=51.00 success=0 failed=0 skipped=50
progress task=media-drift-reconcile stage=business_id_media_key_migration status=item_started completed=51 total=100 progress_percent=51.00 success=0 failed=0 skipped=50
progress task=media-drift-reconcile stage=business_id_media_key_migration status=skipped completed=52 total=100 progress_percent=52.00 success=0 failed=0 skipped=51
progress task=media-drift-reconcile stage=business_id_media_key_migration status=item_started completed=52 total=100 progress_percent=52.00 success=0 failed=0 skipped=51
progress task=media-drift-reconcile stage=business_id_media_key_migration status=skipped completed=53 total=100 progress_percent=53.00 success=0 failed=0 skipped=52
progress task=media-drift-reconcile stage=business_id_media_key_migration status=item_started completed=53 total=100 progress_percent=53.00 success=0 failed=0 skipped=52
progress task=media-drift-reconcile stage=business_id_media_key_migration status=skipped completed=54 total=100 progress_percent=54.00 success=0 failed=0 skipped=53
progress task=media-drift-reconcile stage=business_id_media_key_migration status=item_started completed=54 total=100 progress_percent=54.00 success=0 failed=0 skipped=53
progress task=media-drift-reconcile stage=business_id_media_key_migration status=skipped completed=55 total=100 progress_percent=55.00 success=0 failed=0 skipped=54
progress task=media-drift-reconcile stage=business_id_media_key_migration status=item_started completed=55 total=100 progress_percent=55.00 success=0 failed=0 skipped=54
progress task=media-drift-reconcile stage=business_id_media_key_migration status=skipped completed=56 total=100 progress_percent=56.00 success=0 failed=0 skipped=55
progress task=media-drift-reconcile stage=business_id_media_key_migration status=item_started completed=56 total=100 progress_percent=56.00 success=0 failed=0 skipped=55
progress task=media-drift-reconcile stage=business_id_media_key_migration status=skipped completed=57 total=100 progress_percent=57.00 success=0 failed=0 skipped=56
progress task=media-drift-reconcile stage=business_id_media_key_migration status=item_started completed=57 total=100 progress_percent=57.00 success=0 failed=0 skipped=56
progress task=media-drift-reconcile stage=business_id_media_key_migration status=skipped completed=58 total=100 progress_percent=58.00 success=0 failed=0 skipped=57
progress task=media-drift-reconcile stage=business_id_media_key_migration status=item_started completed=58 total=100 progress_percent=58.00 success=0 failed=0 skipped=57
progress task=media-drift-reconcile stage=business_id_media_key_migration status=skipped completed=59 total=100 progress_percent=59.00 success=0 failed=0 skipped=58
progress task=media-drift-reconcile stage=business_id_media_key_migration status=item_started completed=59 total=100 progress_percent=59.00 success=0 failed=0 skipped=58
progress task=media-drift-reconcile stage=business_id_media_key_migration status=skipped completed=60 total=100 progress_percent=60.00 success=0 failed=0 skipped=59
progress task=media-drift-reconcile stage=business_id_media_key_migration status=item_started completed=60 total=100 progress_percent=60.00 success=0 failed=0 skipped=59
progress task=media-drift-reconcile stage=business_id_media_key_migration status=skipped completed=61 total=100 progress_percent=61.00 success=0 failed=0 skipped=60
progress task=media-drift-reconcile stage=business_id_media_key_migration status=item_started completed=61 total=100 progress_percent=61.00 success=0 failed=0 skipped=60
progress task=media-drift-reconcile stage=business_id_media_key_migration status=skipped completed=62 total=100 progress_percent=62.00 success=0 failed=0 skipped=61
progress task=media-drift-reconcile stage=business_id_media_key_migration status=item_started completed=62 total=100 progress_percent=62.00 success=0 failed=0 skipped=61
progress task=media-drift-reconcile stage=business_id_media_key_migration status=skipped completed=63 total=100 progress_percent=63.00 success=0 failed=0 skipped=62
progress task=media-drift-reconcile stage=business_id_media_key_migration status=item_started completed=63 total=100 progress_percent=63.00 success=0 failed=0 skipped=62
progress task=media-drift-reconcile stage=business_id_media_key_migration status=skipped completed=64 total=100 progress_percent=64.00 success=0 failed=0 skipped=63
progress task=media-drift-reconcile stage=business_id_media_key_migration status=item_started completed=64 total=100 progress_percent=64.00 success=0 failed=0 skipped=63
progress task=media-drift-reconcile stage=business_id_media_key_migration status=skipped completed=65 total=100 progress_percent=65.00 success=0 failed=0 skipped=64
progress task=media-drift-reconcile stage=business_id_media_key_migration status=item_started completed=65 total=100 progress_percent=65.00 success=0 failed=0 skipped=64
progress task=media-drift-reconcile stage=business_id_media_key_migration status=skipped completed=66 total=100 progress_percent=66.00 success=0 failed=0 skipped=65
progress task=media-drift-reconcile stage=business_id_media_key_migration status=item_started completed=66 total=100 progress_percent=66.00 success=0 failed=0 skipped=65
progress task=media-drift-reconcile stage=business_id_media_key_migration status=skipped completed=67 total=100 progress_percent=67.00 success=0 failed=0 skipped=66
progress task=media-drift-reconcile stage=business_id_media_key_migration status=item_started completed=67 total=100 progress_percent=67.00 success=0 failed=0 skipped=66
progress task=media-drift-reconcile stage=business_id_media_key_migration status=skipped completed=68 total=100 progress_percent=68.00 success=0 failed=0 skipped=67
progress task=media-drift-reconcile stage=business_id_media_key_migration status=item_started completed=68 total=100 progress_percent=68.00 success=0 failed=0 skipped=67
progress task=media-drift-reconcile stage=business_id_media_key_migration status=skipped completed=69 total=100 progress_percent=69.00 success=0 failed=0 skipped=68
progress task=media-drift-reconcile stage=business_id_media_key_migration status=item_started completed=69 total=100 progress_percent=69.00 success=0 failed=0 skipped=68
progress task=media-drift-reconcile stage=business_id_media_key_migration status=skipped completed=70 total=100 progress_percent=70.00 success=0 failed=0 skipped=69
progress task=media-drift-reconcile stage=business_id_media_key_migration status=item_started completed=70 total=100 progress_percent=70.00 success=0 failed=0 skipped=69
progress task=media-drift-reconcile stage=business_id_media_key_migration status=skipped completed=71 total=100 progress_percent=71.00 success=0 failed=0 skipped=70
progress task=media-drift-reconcile stage=business_id_media_key_migration status=item_started completed=71 total=100 progress_percent=71.00 success=0 failed=0 skipped=70
progress task=media-drift-reconcile stage=business_id_media_key_migration status=skipped completed=72 total=100 progress_percent=72.00 success=0 failed=0 skipped=71
progress task=media-drift-reconcile stage=business_id_media_key_migration status=item_started completed=72 total=100 progress_percent=72.00 success=0 failed=0 skipped=71
progress task=media-drift-reconcile stage=business_id_media_key_migration status=skipped completed=73 total=100 progress_percent=73.00 success=0 failed=0 skipped=72
progress task=media-drift-reconcile stage=business_id_media_key_migration status=item_started completed=73 total=100 progress_percent=73.00 success=0 failed=0 skipped=72
progress task=media-drift-reconcile stage=business_id_media_key_migration status=skipped completed=74 total=100 progress_percent=74.00 success=0 failed=0 skipped=73
progress task=media-drift-reconcile stage=business_id_media_key_migration status=item_started completed=74 total=100 progress_percent=74.00 success=0 failed=0 skipped=73
progress task=media-drift-reconcile stage=business_id_media_key_migration status=skipped completed=75 total=100 progress_percent=75.00 success=0 failed=0 skipped=74
progress task=media-drift-reconcile stage=business_id_media_key_migration status=item_started completed=75 total=100 progress_percent=75.00 success=0 failed=0 skipped=74
progress task=media-drift-reconcile stage=business_id_media_key_migration status=skipped completed=76 total=100 progress_percent=76.00 success=0 failed=0 skipped=75
progress task=media-drift-reconcile stage=business_id_media_key_migration status=item_started completed=76 total=100 progress_percent=76.00 success=0 failed=0 skipped=75
progress task=media-drift-reconcile stage=business_id_media_key_migration status=skipped completed=77 total=100 progress_percent=77.00 success=0 failed=0 skipped=76
progress task=media-drift-reconcile stage=business_id_media_key_migration status=item_started completed=77 total=100 progress_percent=77.00 success=0 failed=0 skipped=76
progress task=media-drift-reconcile stage=business_id_media_key_migration status=skipped completed=78 total=100 progress_percent=78.00 success=0 failed=0 skipped=77
progress task=media-drift-reconcile stage=business_id_media_key_migration status=item_started completed=78 total=100 progress_percent=78.00 success=0 failed=0 skipped=77
progress task=media-drift-reconcile stage=business_id_media_key_migration status=skipped completed=79 total=100 progress_percent=79.00 success=0 failed=0 skipped=78
progress task=media-drift-reconcile stage=business_id_media_key_migration status=item_started completed=79 total=100 progress_percent=79.00 success=0 failed=0 skipped=78
progress task=media-drift-reconcile stage=business_id_media_key_migration status=skipped completed=80 total=100 progress_percent=80.00 success=0 failed=0 skipped=79
progress task=media-drift-reconcile stage=business_id_media_key_migration status=item_started completed=80 total=100 progress_percent=80.00 success=0 failed=0 skipped=79
progress task=media-drift-reconcile stage=business_id_media_key_migration status=skipped completed=81 total=100 progress_percent=81.00 success=0 failed=0 skipped=80
progress task=media-drift-reconcile stage=business_id_media_key_migration status=item_started completed=81 total=100 progress_percent=81.00 success=0 failed=0 skipped=80
progress task=media-drift-reconcile stage=business_id_media_key_migration status=skipped completed=82 total=100 progress_percent=82.00 success=0 failed=0 skipped=81
progress task=media-drift-reconcile stage=business_id_media_key_migration status=item_started completed=82 total=100 progress_percent=82.00 success=0 failed=0 skipped=81
progress task=media-drift-reconcile stage=business_id_media_key_migration status=skipped completed=83 total=100 progress_percent=83.00 success=0 failed=0 skipped=82
progress task=media-drift-reconcile stage=business_id_media_key_migration status=item_started completed=83 total=100 progress_percent=83.00 success=0 failed=0 skipped=82
progress task=media-drift-reconcile stage=business_id_media_key_migration status=skipped completed=84 total=100 progress_percent=84.00 success=0 failed=0 skipped=83
progress task=media-drift-reconcile stage=business_id_media_key_migration status=item_started completed=84 total=100 progress_percent=84.00 success=0 failed=0 skipped=83
progress task=media-drift-reconcile stage=business_id_media_key_migration status=skipped completed=85 total=100 progress_percent=85.00 success=0 failed=0 skipped=84
progress task=media-drift-reconcile stage=business_id_media_key_migration status=item_started completed=85 total=100 progress_percent=85.00 success=0 failed=0 skipped=84
progress task=media-drift-reconcile stage=business_id_media_key_migration status=skipped completed=86 total=100 progress_percent=86.00 success=0 failed=0 skipped=85
progress task=media-drift-reconcile stage=business_id_media_key_migration status=item_started completed=86 total=100 progress_percent=86.00 success=0 failed=0 skipped=85
progress task=media-drift-reconcile stage=business_id_media_key_migration status=skipped completed=87 total=100 progress_percent=87.00 success=0 failed=0 skipped=86
progress task=media-drift-reconcile stage=business_id_media_key_migration status=item_started completed=87 total=100 progress_percent=87.00 success=0 failed=0 skipped=86
progress task=media-drift-reconcile stage=business_id_media_key_migration status=skipped completed=88 total=100 progress_percent=88.00 success=0 failed=0 skipped=87
progress task=media-drift-reconcile stage=business_id_media_key_migration status=item_started completed=88 total=100 progress_percent=88.00 success=0 failed=0 skipped=87
progress task=media-drift-reconcile stage=business_id_media_key_migration status=skipped completed=89 total=100 progress_percent=89.00 success=0 failed=0 skipped=88
progress task=media-drift-reconcile stage=business_id_media_key_migration status=item_started completed=89 total=100 progress_percent=89.00 success=0 failed=0 skipped=88
progress task=media-drift-reconcile stage=business_id_media_key_migration status=skipped completed=90 total=100 progress_percent=90.00 success=0 failed=0 skipped=89
progress task=media-drift-reconcile stage=business_id_media_key_migration status=item_started completed=90 total=100 progress_percent=90.00 success=0 failed=0 skipped=89
progress task=media-drift-reconcile stage=business_id_media_key_migration status=skipped completed=91 total=100 progress_percent=91.00 success=0 failed=0 skipped=90
progress task=media-drift-reconcile stage=business_id_media_key_migration status=item_started completed=91 total=100 progress_percent=91.00 success=0 failed=0 skipped=90
progress task=media-drift-reconcile stage=business_id_media_key_migration status=skipped completed=92 total=100 progress_percent=92.00 success=0 failed=0 skipped=91
progress task=media-drift-reconcile stage=business_id_media_key_migration status=item_started completed=92 total=100 progress_percent=92.00 success=0 failed=0 skipped=91
progress task=media-drift-reconcile stage=business_id_media_key_migration status=skipped completed=93 total=100 progress_percent=93.00 success=0 failed=0 skipped=92
progress task=media-drift-reconcile stage=business_id_media_key_migration status=item_started completed=93 total=100 progress_percent=93.00 success=0 failed=0 skipped=92
progress task=media-drift-reconcile stage=business_id_media_key_migration status=skipped completed=94 total=100 progress_percent=94.00 success=0 failed=0 skipped=93
progress task=media-drift-reconcile stage=business_id_media_key_migration status=item_started completed=94 total=100 progress_percent=94.00 success=0 failed=0 skipped=93
progress task=media-drift-reconcile stage=business_id_media_key_migration status=skipped completed=95 total=100 progress_percent=95.00 success=0 failed=0 skipped=94
progress task=media-drift-reconcile stage=business_id_media_key_migration status=item_started completed=95 total=100 progress_percent=95.00 success=0 failed=0 skipped=94
progress task=media-drift-reconcile stage=business_id_media_key_migration status=skipped completed=96 total=100 progress_percent=96.00 success=0 failed=0 skipped=95
progress task=media-drift-reconcile stage=business_id_media_key_migration status=item_started completed=96 total=100 progress_percent=96.00 success=0 failed=0 skipped=95
progress task=media-drift-reconcile stage=business_id_media_key_migration status=skipped completed=97 total=100 progress_percent=97.00 success=0 failed=0 skipped=96
progress task=media-drift-reconcile stage=business_id_media_key_migration status=item_started completed=97 total=100 progress_percent=97.00 success=0 failed=0 skipped=96
progress task=media-drift-reconcile stage=business_id_media_key_migration status=skipped completed=98 total=100 progress_percent=98.00 success=0 failed=0 skipped=97
progress task=media-drift-reconcile stage=business_id_media_key_migration status=item_started completed=98 total=100 progress_percent=98.00 success=0 failed=0 skipped=97
progress task=media-drift-reconcile stage=business_id_media_key_migration status=skipped completed=99 total=100 progress_percent=99.00 success=0 failed=0 skipped=98
progress task=media-drift-reconcile stage=business_id_media_key_migration status=item_started completed=99 total=100 progress_percent=99.00 success=0 failed=0 skipped=98
progress task=media-drift-reconcile stage=business_id_media_key_migration status=skipped completed=100 total=100 progress_percent=100.00 success=0 failed=0 skipped=99
progress task=media-drift-reconcile stage=business_id_media_key_migration status=completed completed=2 total=5 progress_percent=40.00 success=0 failed=0 skipped=0
progress task=media-drift-reconcile stage=certificate_image_key_migration status=started completed=2 total=5 progress_percent=40.00 success=0 failed=0 skipped=0
progress task=media-drift-reconcile stage=certificate_image_key_migration status=started completed=0 total=5 progress_percent=0.00 success=0 failed=0 skipped=0
progress task=media-drift-reconcile stage=certificate_image_key_migration status=item_started completed=0 total=5 progress_percent=0.00 success=0 failed=0 skipped=0
progress task=media-drift-reconcile stage=certificate_image_key_migration status=skipped completed=1 total=5 progress_percent=20.00 success=0 failed=0 skipped=1
progress task=media-drift-reconcile stage=certificate_image_key_migration status=item_started completed=1 total=5 progress_percent=20.00 success=0 failed=0 skipped=1
progress task=media-drift-reconcile stage=certificate_image_key_migration status=skipped completed=2 total=5 progress_percent=40.00 success=0 failed=0 skipped=2
progress task=media-drift-reconcile stage=certificate_image_key_migration status=item_started completed=2 total=5 progress_percent=40.00 success=0 failed=0 skipped=2
progress task=media-drift-reconcile stage=certificate_image_key_migration status=skipped completed=3 total=5 progress_percent=60.00 success=0 failed=0 skipped=3
progress task=media-drift-reconcile stage=certificate_image_key_migration status=item_started completed=3 total=5 progress_percent=60.00 success=0 failed=0 skipped=3
progress task=media-drift-reconcile stage=certificate_image_key_migration status=skipped completed=4 total=5 progress_percent=80.00 success=0 failed=0 skipped=4
progress task=media-drift-reconcile stage=certificate_image_key_migration status=item_started completed=4 total=5 progress_percent=80.00 success=0 failed=0 skipped=4
progress task=media-drift-reconcile stage=certificate_image_key_migration status=skipped completed=5 total=5 progress_percent=100.00 success=0 failed=0 skipped=5
progress task=media-drift-reconcile stage=certificate_image_key_migration status=completed completed=3 total=5 progress_percent=60.00 success=0 failed=0 skipped=0
progress task=media-drift-reconcile stage=brand_logo_and_certificate_thumbnail_backfill status=started completed=3 total=5 progress_percent=60.00 success=0 failed=0 skipped=0
progress task=media-drift-reconcile stage=brand_logo_and_certificate_thumbnail_backfill status=started completed=0 total=99 progress_percent=0.00 success=0 failed=0 skipped=0
progress task=media-drift-reconcile stage=brand_logo_and_certificate_thumbnail_backfill status=checking_variants completed=0 total=99 progress_percent=0.00 success=0 failed=0 skipped=0
progress task=media-drift-reconcile stage=brand_logo_and_certificate_thumbnail_backfill status=running completed=1 total=99 progress_percent=1.01 success=0 failed=0 skipped=1
progress task=media-drift-reconcile stage=brand_logo_and_certificate_thumbnail_backfill status=checking_variants completed=1 total=99 progress_percent=1.01 success=0 failed=0 skipped=1
progress task=media-drift-reconcile stage=brand_logo_and_certificate_thumbnail_backfill status=running completed=2 total=99 progress_percent=2.02 success=0 failed=0 skipped=2
progress task=media-drift-reconcile stage=brand_logo_and_certificate_thumbnail_backfill status=checking_variants completed=2 total=99 progress_percent=2.02 success=0 failed=0 skipped=2
progress task=media-drift-reconcile stage=brand_logo_and_certificate_thumbnail_backfill status=running completed=3 total=99 progress_percent=3.03 success=0 failed=0 skipped=3
progress task=media-drift-reconcile stage=brand_logo_and_certificate_thumbnail_backfill status=checking_variants completed=3 total=99 progress_percent=3.03 success=0 failed=0 skipped=3
progress task=media-drift-reconcile stage=brand_logo_and_certificate_thumbnail_backfill status=running completed=4 total=99 progress_percent=4.04 success=0 failed=0 skipped=4
progress task=media-drift-reconcile stage=brand_logo_and_certificate_thumbnail_backfill status=checking_variants completed=4 total=99 progress_percent=4.04 success=0 failed=0 skipped=4
progress task=media-drift-reconcile stage=brand_logo_and_certificate_thumbnail_backfill status=running completed=5 total=99 progress_percent=5.05 success=0 failed=0 skipped=5
progress task=media-drift-reconcile stage=brand_logo_and_certificate_thumbnail_backfill status=checking_variants completed=5 total=99 progress_percent=5.05 success=0 failed=0 skipped=5
progress task=media-drift-reconcile stage=brand_logo_and_certificate_thumbnail_backfill status=running completed=6 total=99 progress_percent=6.06 success=0 failed=0 skipped=6
progress task=media-drift-reconcile stage=brand_logo_and_certificate_thumbnail_backfill status=checking_variants completed=6 total=99 progress_percent=6.06 success=0 failed=0 skipped=6
progress task=media-drift-reconcile stage=brand_logo_and_certificate_thumbnail_backfill status=running completed=7 total=99 progress_percent=7.07 success=0 failed=0 skipped=7
progress task=media-drift-reconcile stage=brand_logo_and_certificate_thumbnail_backfill status=checking_variants completed=7 total=99 progress_percent=7.07 success=0 failed=0 skipped=7
progress task=media-drift-reconcile stage=brand_logo_and_certificate_thumbnail_backfill status=running completed=8 total=99 progress_percent=8.08 success=0 failed=0 skipped=8
progress task=media-drift-reconcile stage=brand_logo_and_certificate_thumbnail_backfill status=checking_variants completed=8 total=99 progress_percent=8.08 success=0 failed=0 skipped=8
progress task=media-drift-reconcile stage=brand_logo_and_certificate_thumbnail_backfill status=running completed=9 total=99 progress_percent=9.09 success=0 failed=0 skipped=9
progress task=media-drift-reconcile stage=brand_logo_and_certificate_thumbnail_backfill status=checking_variants completed=9 total=99 progress_percent=9.09 success=0 failed=0 skipped=9
progress task=media-drift-reconcile stage=brand_logo_and_certificate_thumbnail_backfill status=running completed=10 total=99 progress_percent=10.10 success=0 failed=0 skipped=10
progress task=media-drift-reconcile stage=brand_logo_and_certificate_thumbnail_backfill status=checking_variants completed=10 total=99 progress_percent=10.10 success=0 failed=0 skipped=10
progress task=media-drift-reconcile stage=brand_logo_and_certificate_thumbnail_backfill status=running completed=11 total=99 progress_percent=11.11 success=0 failed=0 skipped=11
progress task=media-drift-reconcile stage=brand_logo_and_certificate_thumbnail_backfill status=checking_variants completed=11 total=99 progress_percent=11.11 success=0 failed=0 skipped=11
progress task=media-drift-reconcile stage=brand_logo_and_certificate_thumbnail_backfill status=running completed=12 total=99 progress_percent=12.12 success=0 failed=0 skipped=12
progress task=media-drift-reconcile stage=brand_logo_and_certificate_thumbnail_backfill status=checking_variants completed=12 total=99 progress_percent=12.12 success=0 failed=0 skipped=12
progress task=media-drift-reconcile stage=brand_logo_and_certificate_thumbnail_backfill status=running completed=13 total=99 progress_percent=13.13 success=0 failed=0 skipped=13
progress task=media-drift-reconcile stage=brand_logo_and_certificate_thumbnail_backfill status=checking_variants completed=13 total=99 progress_percent=13.13 success=0 failed=0 skipped=13
progress task=media-drift-reconcile stage=brand_logo_and_certificate_thumbnail_backfill status=running completed=14 total=99 progress_percent=14.14 success=0 failed=0 skipped=14
progress task=media-drift-reconcile stage=brand_logo_and_certificate_thumbnail_backfill status=checking_variants completed=14 total=99 progress_percent=14.14 success=0 failed=0 skipped=14
progress task=media-drift-reconcile stage=brand_logo_and_certificate_thumbnail_backfill status=running completed=15 total=99 progress_percent=15.15 success=0 failed=0 skipped=15
progress task=media-drift-reconcile stage=brand_logo_and_certificate_thumbnail_backfill status=checking_variants completed=15 total=99 progress_percent=15.15 success=0 failed=0 skipped=15
progress task=media-drift-reconcile stage=brand_logo_and_certificate_thumbnail_backfill status=running completed=16 total=99 progress_percent=16.16 success=0 failed=0 skipped=16
progress task=media-drift-reconcile stage=brand_logo_and_certificate_thumbnail_backfill status=checking_variants completed=16 total=99 progress_percent=16.16 success=0 failed=0 skipped=16
progress task=media-drift-reconcile stage=brand_logo_and_certificate_thumbnail_backfill status=running completed=17 total=99 progress_percent=17.17 success=0 failed=0 skipped=17
progress task=media-drift-reconcile stage=brand_logo_and_certificate_thumbnail_backfill status=checking_variants completed=17 total=99 progress_percent=17.17 success=0 failed=0 skipped=17
progress task=media-drift-reconcile stage=brand_logo_and_certificate_thumbnail_backfill status=running completed=18 total=99 progress_percent=18.18 success=0 failed=0 skipped=18
progress task=media-drift-reconcile stage=brand_logo_and_certificate_thumbnail_backfill status=checking_variants completed=18 total=99 progress_percent=18.18 success=0 failed=0 skipped=18
progress task=media-drift-reconcile stage=brand_logo_and_certificate_thumbnail_backfill status=running completed=19 total=99 progress_percent=19.19 success=0 failed=0 skipped=19
progress task=media-drift-reconcile stage=brand_logo_and_certificate_thumbnail_backfill status=checking_variants completed=19 total=99 progress_percent=19.19 success=0 failed=0 skipped=19
progress task=media-drift-reconcile stage=brand_logo_and_certificate_thumbnail_backfill status=running completed=20 total=99 progress_percent=20.20 success=0 failed=0 skipped=20
progress task=media-drift-reconcile stage=brand_logo_and_certificate_thumbnail_backfill status=checking_variants completed=20 total=99 progress_percent=20.20 success=0 failed=0 skipped=20
progress task=media-drift-reconcile stage=brand_logo_and_certificate_thumbnail_backfill status=running completed=21 total=99 progress_percent=21.21 success=0 failed=0 skipped=21
progress task=media-drift-reconcile stage=brand_logo_and_certificate_thumbnail_backfill status=checking_variants completed=21 total=99 progress_percent=21.21 success=0 failed=0 skipped=21
progress task=media-drift-reconcile stage=brand_logo_and_certificate_thumbnail_backfill status=running completed=22 total=99 progress_percent=22.22 success=0 failed=0 skipped=22
progress task=media-drift-reconcile stage=brand_logo_and_certificate_thumbnail_backfill status=checking_variants completed=22 total=99 progress_percent=22.22 success=0 failed=0 skipped=22
progress task=media-drift-reconcile stage=brand_logo_and_certificate_thumbnail_backfill status=running completed=23 total=99 progress_percent=23.23 success=0 failed=0 skipped=23
progress task=media-drift-reconcile stage=brand_logo_and_certificate_thumbnail_backfill status=checking_variants completed=23 total=99 progress_percent=23.23 success=0 failed=0 skipped=23
progress task=media-drift-reconcile stage=brand_logo_and_certificate_thumbnail_backfill status=running completed=24 total=99 progress_percent=24.24 success=0 failed=0 skipped=24
progress task=media-drift-reconcile stage=brand_logo_and_certificate_thumbnail_backfill status=checking_variants completed=24 total=99 progress_percent=24.24 success=0 failed=0 skipped=24
progress task=media-drift-reconcile stage=brand_logo_and_certificate_thumbnail_backfill status=running completed=25 total=99 progress_percent=25.25 success=0 failed=0 skipped=25
progress task=media-drift-reconcile stage=brand_logo_and_certificate_thumbnail_backfill status=checking_variants completed=25 total=99 progress_percent=25.25 success=0 failed=0 skipped=25
progress task=media-drift-reconcile stage=brand_logo_and_certificate_thumbnail_backfill status=running completed=26 total=99 progress_percent=26.26 success=0 failed=0 skipped=26
progress task=media-drift-reconcile stage=brand_logo_and_certificate_thumbnail_backfill status=checking_variants completed=26 total=99 progress_percent=26.26 success=0 failed=0 skipped=26
progress task=media-drift-reconcile stage=brand_logo_and_certificate_thumbnail_backfill status=running completed=27 total=99 progress_percent=27.27 success=0 failed=0 skipped=27
progress task=media-drift-reconcile stage=brand_logo_and_certificate_thumbnail_backfill status=checking_variants completed=27 total=99 progress_percent=27.27 success=0 failed=0 skipped=27
progress task=media-drift-reconcile stage=brand_logo_and_certificate_thumbnail_backfill status=running completed=28 total=99 progress_percent=28.28 success=0 failed=0 skipped=28
progress task=media-drift-reconcile stage=brand_logo_and_certificate_thumbnail_backfill status=checking_variants completed=28 total=99 progress_percent=28.28 success=0 failed=0 skipped=28
progress task=media-drift-reconcile stage=brand_logo_and_certificate_thumbnail_backfill status=running completed=29 total=99 progress_percent=29.29 success=0 failed=0 skipped=29
progress task=media-drift-reconcile stage=brand_logo_and_certificate_thumbnail_backfill status=checking_variants completed=29 total=99 progress_percent=29.29 success=0 failed=0 skipped=29
progress task=media-drift-reconcile stage=brand_logo_and_certificate_thumbnail_backfill status=running completed=30 total=99 progress_percent=30.30 success=0 failed=0 skipped=30
progress task=media-drift-reconcile stage=brand_logo_and_certificate_thumbnail_backfill status=checking_variants completed=30 total=99 progress_percent=30.30 success=0 failed=0 skipped=30
progress task=media-drift-reconcile stage=brand_logo_and_certificate_thumbnail_backfill status=running completed=31 total=99 progress_percent=31.31 success=0 failed=0 skipped=31
progress task=media-drift-reconcile stage=brand_logo_and_certificate_thumbnail_backfill status=checking_variants completed=31 total=99 progress_percent=31.31 success=0 failed=0 skipped=31
progress task=media-drift-reconcile stage=brand_logo_and_certificate_thumbnail_backfill status=running completed=32 total=99 progress_percent=32.32 success=0 failed=0 skipped=32
progress task=media-drift-reconcile stage=brand_logo_and_certificate_thumbnail_backfill status=checking_variants completed=32 total=99 progress_percent=32.32 success=0 failed=0 skipped=32
progress task=media-drift-reconcile stage=brand_logo_and_certificate_thumbnail_backfill status=running completed=33 total=99 progress_percent=33.33 success=0 failed=0 skipped=33
progress task=media-drift-reconcile stage=brand_logo_and_certificate_thumbnail_backfill status=checking_variants completed=33 total=99 progress_percent=33.33 success=0 failed=0 skipped=33
progress task=media-drift-reconcile stage=brand_logo_and_certificate_thumbnail_backfill status=running completed=34 total=99 progress_percent=34.34 success=0 failed=0 skipped=34
progress task=media-drift-reconcile stage=brand_logo_and_certificate_thumbnail_backfill status=checking_variants completed=34 total=99 progress_percent=34.34 success=0 failed=0 skipped=34
progress task=media-drift-reconcile stage=brand_logo_and_certificate_thumbnail_backfill status=running completed=35 total=99 progress_percent=35.35 success=0 failed=0 skipped=35
progress task=media-drift-reconcile stage=brand_logo_and_certificate_thumbnail_backfill status=checking_variants completed=35 total=99 progress_percent=35.35 success=0 failed=0 skipped=35
progress task=media-drift-reconcile stage=brand_logo_and_certificate_thumbnail_backfill status=running completed=36 total=99 progress_percent=36.36 success=0 failed=0 skipped=36
progress task=media-drift-reconcile stage=brand_logo_and_certificate_thumbnail_backfill status=checking_variants completed=36 total=99 progress_percent=36.36 success=0 failed=0 skipped=36
progress task=media-drift-reconcile stage=brand_logo_and_certificate_thumbnail_backfill status=running completed=37 total=99 progress_percent=37.37 success=0 failed=0 skipped=37
progress task=media-drift-reconcile stage=brand_logo_and_certificate_thumbnail_backfill status=checking_variants completed=37 total=99 progress_percent=37.37 success=0 failed=0 skipped=37
progress task=media-drift-reconcile stage=brand_logo_and_certificate_thumbnail_backfill status=running completed=38 total=99 progress_percent=38.38 success=0 failed=0 skipped=38
progress task=media-drift-reconcile stage=brand_logo_and_certificate_thumbnail_backfill status=checking_variants completed=38 total=99 progress_percent=38.38 success=0 failed=0 skipped=38
progress task=media-drift-reconcile stage=brand_logo_and_certificate_thumbnail_backfill status=running completed=39 total=99 progress_percent=39.39 success=0 failed=0 skipped=39
progress task=media-drift-reconcile stage=brand_logo_and_certificate_thumbnail_backfill status=checking_variants completed=39 total=99 progress_percent=39.39 success=0 failed=0 skipped=39
progress task=media-drift-reconcile stage=brand_logo_and_certificate_thumbnail_backfill status=running completed=40 total=99 progress_percent=40.40 success=0 failed=0 skipped=40
progress task=media-drift-reconcile stage=brand_logo_and_certificate_thumbnail_backfill status=checking_variants completed=40 total=99 progress_percent=40.40 success=0 failed=0 skipped=40
progress task=media-drift-reconcile stage=brand_logo_and_certificate_thumbnail_backfill status=running completed=41 total=99 progress_percent=41.41 success=0 failed=0 skipped=41
progress task=media-drift-reconcile stage=brand_logo_and_certificate_thumbnail_backfill status=checking_variants completed=41 total=99 progress_percent=41.41 success=0 failed=0 skipped=41
progress task=media-drift-reconcile stage=brand_logo_and_certificate_thumbnail_backfill status=running completed=42 total=99 progress_percent=42.42 success=0 failed=0 skipped=42
progress task=media-drift-reconcile stage=brand_logo_and_certificate_thumbnail_backfill status=checking_variants completed=42 total=99 progress_percent=42.42 success=0 failed=0 skipped=42
progress task=media-drift-reconcile stage=brand_logo_and_certificate_thumbnail_backfill status=running completed=43 total=99 progress_percent=43.43 success=0 failed=0 skipped=43
progress task=media-drift-reconcile stage=brand_logo_and_certificate_thumbnail_backfill status=checking_variants completed=43 total=99 progress_percent=43.43 success=0 failed=0 skipped=43
progress task=media-drift-reconcile stage=brand_logo_and_certificate_thumbnail_backfill status=running completed=44 total=99 progress_percent=44.44 success=0 failed=0 skipped=44
progress task=media-drift-reconcile stage=brand_logo_and_certificate_thumbnail_backfill status=checking_variants completed=44 total=99 progress_percent=44.44 success=0 failed=0 skipped=44
progress task=media-drift-reconcile stage=brand_logo_and_certificate_thumbnail_backfill status=running completed=45 total=99 progress_percent=45.45 success=0 failed=0 skipped=45
progress task=media-drift-reconcile stage=brand_logo_and_certificate_thumbnail_backfill status=checking_variants completed=45 total=99 progress_percent=45.45 success=0 failed=0 skipped=45
progress task=media-drift-reconcile stage=brand_logo_and_certificate_thumbnail_backfill status=running completed=46 total=99 progress_percent=46.46 success=0 failed=0 skipped=46
progress task=media-drift-reconcile stage=brand_logo_and_certificate_thumbnail_backfill status=checking_variants completed=46 total=99 progress_percent=46.46 success=0 failed=0 skipped=46
progress task=media-drift-reconcile stage=brand_logo_and_certificate_thumbnail_backfill status=running completed=47 total=99 progress_percent=47.47 success=0 failed=0 skipped=47
progress task=media-drift-reconcile stage=brand_logo_and_certificate_thumbnail_backfill status=checking_variants completed=47 total=99 progress_percent=47.47 success=0 failed=0 skipped=47
progress task=media-drift-reconcile stage=brand_logo_and_certificate_thumbnail_backfill status=running completed=48 total=99 progress_percent=48.48 success=0 failed=0 skipped=48
progress task=media-drift-reconcile stage=brand_logo_and_certificate_thumbnail_backfill status=checking_variants completed=48 total=99 progress_percent=48.48 success=0 failed=0 skipped=48
progress task=media-drift-reconcile stage=brand_logo_and_certificate_thumbnail_backfill status=running completed=49 total=99 progress_percent=49.49 success=0 failed=0 skipped=49
progress task=media-drift-reconcile stage=brand_logo_and_certificate_thumbnail_backfill status=checking_variants completed=49 total=99 progress_percent=49.49 success=0 failed=0 skipped=49
progress task=media-drift-reconcile stage=brand_logo_and_certificate_thumbnail_backfill status=running completed=50 total=99 progress_percent=50.51 success=0 failed=0 skipped=50
progress task=media-drift-reconcile stage=brand_logo_and_certificate_thumbnail_backfill status=checking_variants completed=50 total=99 progress_percent=50.51 success=0 failed=0 skipped=50
progress task=media-drift-reconcile stage=brand_logo_and_certificate_thumbnail_backfill status=running completed=51 total=99 progress_percent=51.52 success=0 failed=0 skipped=51
progress task=media-drift-reconcile stage=brand_logo_and_certificate_thumbnail_backfill status=checking_variants completed=51 total=99 progress_percent=51.52 success=0 failed=0 skipped=51
progress task=media-drift-reconcile stage=brand_logo_and_certificate_thumbnail_backfill status=running completed=52 total=99 progress_percent=52.53 success=0 failed=0 skipped=52
progress task=media-drift-reconcile stage=brand_logo_and_certificate_thumbnail_backfill status=checking_variants completed=52 total=99 progress_percent=52.53 success=0 failed=0 skipped=52
progress task=media-drift-reconcile stage=brand_logo_and_certificate_thumbnail_backfill status=running completed=53 total=99 progress_percent=53.54 success=0 failed=0 skipped=53
progress task=media-drift-reconcile stage=brand_logo_and_certificate_thumbnail_backfill status=checking_variants completed=53 total=99 progress_percent=53.54 success=0 failed=0 skipped=53
progress task=media-drift-reconcile stage=brand_logo_and_certificate_thumbnail_backfill status=running completed=54 total=99 progress_percent=54.55 success=0 failed=0 skipped=54
progress task=media-drift-reconcile stage=brand_logo_and_certificate_thumbnail_backfill status=checking_variants completed=54 total=99 progress_percent=54.55 success=0 failed=0 skipped=54
progress task=media-drift-reconcile stage=brand_logo_and_certificate_thumbnail_backfill status=running completed=55 total=99 progress_percent=55.56 success=0 failed=0 skipped=55
progress task=media-drift-reconcile stage=brand_logo_and_certificate_thumbnail_backfill status=checking_variants completed=55 total=99 progress_percent=55.56 success=0 failed=0 skipped=55
progress task=media-drift-reconcile stage=brand_logo_and_certificate_thumbnail_backfill status=running completed=56 total=99 progress_percent=56.57 success=0 failed=0 skipped=56
progress task=media-drift-reconcile stage=brand_logo_and_certificate_thumbnail_backfill status=checking_variants completed=56 total=99 progress_percent=56.57 success=0 failed=0 skipped=56
progress task=media-drift-reconcile stage=brand_logo_and_certificate_thumbnail_backfill status=running completed=57 total=99 progress_percent=57.58 success=0 failed=0 skipped=57
progress task=media-drift-reconcile stage=brand_logo_and_certificate_thumbnail_backfill status=checking_variants completed=57 total=99 progress_percent=57.58 success=0 failed=0 skipped=57
progress task=media-drift-reconcile stage=brand_logo_and_certificate_thumbnail_backfill status=running completed=58 total=99 progress_percent=58.59 success=0 failed=0 skipped=58
progress task=media-drift-reconcile stage=brand_logo_and_certificate_thumbnail_backfill status=checking_variants completed=58 total=99 progress_percent=58.59 success=0 failed=0 skipped=58
progress task=media-drift-reconcile stage=brand_logo_and_certificate_thumbnail_backfill status=running completed=59 total=99 progress_percent=59.60 success=0 failed=0 skipped=59
progress task=media-drift-reconcile stage=brand_logo_and_certificate_thumbnail_backfill status=checking_variants completed=59 total=99 progress_percent=59.60 success=0 failed=0 skipped=59
progress task=media-drift-reconcile stage=brand_logo_and_certificate_thumbnail_backfill status=running completed=60 total=99 progress_percent=60.61 success=0 failed=0 skipped=60
progress task=media-drift-reconcile stage=brand_logo_and_certificate_thumbnail_backfill status=checking_variants completed=60 total=99 progress_percent=60.61 success=0 failed=0 skipped=60
progress task=media-drift-reconcile stage=brand_logo_and_certificate_thumbnail_backfill status=running completed=61 total=99 progress_percent=61.62 success=0 failed=0 skipped=61
progress task=media-drift-reconcile stage=brand_logo_and_certificate_thumbnail_backfill status=checking_variants completed=61 total=99 progress_percent=61.62 success=0 failed=0 skipped=61
progress task=media-drift-reconcile stage=brand_logo_and_certificate_thumbnail_backfill status=running completed=62 total=99 progress_percent=62.63 success=0 failed=0 skipped=62
progress task=media-drift-reconcile stage=brand_logo_and_certificate_thumbnail_backfill status=checking_variants completed=62 total=99 progress_percent=62.63 success=0 failed=0 skipped=62
progress task=media-drift-reconcile stage=brand_logo_and_certificate_thumbnail_backfill status=running completed=63 total=99 progress_percent=63.64 success=0 failed=0 skipped=63
progress task=media-drift-reconcile stage=brand_logo_and_certificate_thumbnail_backfill status=checking_variants completed=63 total=99 progress_percent=63.64 success=0 failed=0 skipped=63
progress task=media-drift-reconcile stage=brand_logo_and_certificate_thumbnail_backfill status=running completed=64 total=99 progress_percent=64.65 success=0 failed=0 skipped=64
progress task=media-drift-reconcile stage=brand_logo_and_certificate_thumbnail_backfill status=checking_variants completed=64 total=99 progress_percent=64.65 success=0 failed=0 skipped=64
progress task=media-drift-reconcile stage=brand_logo_and_certificate_thumbnail_backfill status=running completed=65 total=99 progress_percent=65.66 success=0 failed=0 skipped=65
progress task=media-drift-reconcile stage=brand_logo_and_certificate_thumbnail_backfill status=checking_variants completed=65 total=99 progress_percent=65.66 success=0 failed=0 skipped=65
progress task=media-drift-reconcile stage=brand_logo_and_certificate_thumbnail_backfill status=running completed=66 total=99 progress_percent=66.67 success=0 failed=0 skipped=66
progress task=media-drift-reconcile stage=brand_logo_and_certificate_thumbnail_backfill status=checking_variants completed=66 total=99 progress_percent=66.67 success=0 failed=0 skipped=66
progress task=media-drift-reconcile stage=brand_logo_and_certificate_thumbnail_backfill status=running completed=67 total=99 progress_percent=67.68 success=0 failed=0 skipped=67
progress task=media-drift-reconcile stage=brand_logo_and_certificate_thumbnail_backfill status=checking_variants completed=67 total=99 progress_percent=67.68 success=0 failed=0 skipped=67
progress task=media-drift-reconcile stage=brand_logo_and_certificate_thumbnail_backfill status=running completed=68 total=99 progress_percent=68.69 success=0 failed=0 skipped=68
progress task=media-drift-reconcile stage=brand_logo_and_certificate_thumbnail_backfill status=checking_variants completed=68 total=99 progress_percent=68.69 success=0 failed=0 skipped=68
progress task=media-drift-reconcile stage=brand_logo_and_certificate_thumbnail_backfill status=running completed=69 total=99 progress_percent=69.70 success=0 failed=0 skipped=69
progress task=media-drift-reconcile stage=brand_logo_and_certificate_thumbnail_backfill status=checking_variants completed=69 total=99 progress_percent=69.70 success=0 failed=0 skipped=69
progress task=media-drift-reconcile stage=brand_logo_and_certificate_thumbnail_backfill status=running completed=70 total=99 progress_percent=70.71 success=0 failed=0 skipped=70
progress task=media-drift-reconcile stage=brand_logo_and_certificate_thumbnail_backfill status=checking_variants completed=70 total=99 progress_percent=70.71 success=0 failed=0 skipped=70
progress task=media-drift-reconcile stage=brand_logo_and_certificate_thumbnail_backfill status=running completed=71 total=99 progress_percent=71.72 success=0 failed=0 skipped=71
progress task=media-drift-reconcile stage=brand_logo_and_certificate_thumbnail_backfill status=checking_variants completed=71 total=99 progress_percent=71.72 success=0 failed=0 skipped=71
progress task=media-drift-reconcile stage=brand_logo_and_certificate_thumbnail_backfill status=running completed=72 total=99 progress_percent=72.73 success=0 failed=0 skipped=72
progress task=media-drift-reconcile stage=brand_logo_and_certificate_thumbnail_backfill status=checking_variants completed=72 total=99 progress_percent=72.73 success=0 failed=0 skipped=72
progress task=media-drift-reconcile stage=brand_logo_and_certificate_thumbnail_backfill status=running completed=73 total=99 progress_percent=73.74 success=0 failed=0 skipped=73
progress task=media-drift-reconcile stage=brand_logo_and_certificate_thumbnail_backfill status=checking_variants completed=73 total=99 progress_percent=73.74 success=0 failed=0 skipped=73
progress task=media-drift-reconcile stage=brand_logo_and_certificate_thumbnail_backfill status=running completed=74 total=99 progress_percent=74.75 success=0 failed=0 skipped=74
progress task=media-drift-reconcile stage=brand_logo_and_certificate_thumbnail_backfill status=checking_variants completed=74 total=99 progress_percent=74.75 success=0 failed=0 skipped=74
progress task=media-drift-reconcile stage=brand_logo_and_certificate_thumbnail_backfill status=running completed=75 total=99 progress_percent=75.76 success=0 failed=0 skipped=75
progress task=media-drift-reconcile stage=brand_logo_and_certificate_thumbnail_backfill status=checking_variants completed=75 total=99 progress_percent=75.76 success=0 failed=0 skipped=75
progress task=media-drift-reconcile stage=brand_logo_and_certificate_thumbnail_backfill status=running completed=76 total=99 progress_percent=76.77 success=0 failed=0 skipped=76
progress task=media-drift-reconcile stage=brand_logo_and_certificate_thumbnail_backfill status=checking_variants completed=76 total=99 progress_percent=76.77 success=0 failed=0 skipped=76
progress task=media-drift-reconcile stage=brand_logo_and_certificate_thumbnail_backfill status=running completed=77 total=99 progress_percent=77.78 success=0 failed=0 skipped=77
progress task=media-drift-reconcile stage=brand_logo_and_certificate_thumbnail_backfill status=checking_variants completed=77 total=99 progress_percent=77.78 success=0 failed=0 skipped=77
progress task=media-drift-reconcile stage=brand_logo_and_certificate_thumbnail_backfill status=running completed=78 total=99 progress_percent=78.79 success=0 failed=0 skipped=78
progress task=media-drift-reconcile stage=brand_logo_and_certificate_thumbnail_backfill status=checking_variants completed=78 total=99 progress_percent=78.79 success=0 failed=0 skipped=78
progress task=media-drift-reconcile stage=brand_logo_and_certificate_thumbnail_backfill status=running completed=79 total=99 progress_percent=79.80 success=0 failed=0 skipped=79
progress task=media-drift-reconcile stage=brand_logo_and_certificate_thumbnail_backfill status=checking_variants completed=79 total=99 progress_percent=79.80 success=0 failed=0 skipped=79
progress task=media-drift-reconcile stage=brand_logo_and_certificate_thumbnail_backfill status=running completed=80 total=99 progress_percent=80.81 success=0 failed=0 skipped=80
progress task=media-drift-reconcile stage=brand_logo_and_certificate_thumbnail_backfill status=checking_variants completed=80 total=99 progress_percent=80.81 success=0 failed=0 skipped=80
progress task=media-drift-reconcile stage=brand_logo_and_certificate_thumbnail_backfill status=running completed=81 total=99 progress_percent=81.82 success=0 failed=0 skipped=81
progress task=media-drift-reconcile stage=brand_logo_and_certificate_thumbnail_backfill status=checking_variants completed=81 total=99 progress_percent=81.82 success=0 failed=0 skipped=81
progress task=media-drift-reconcile stage=brand_logo_and_certificate_thumbnail_backfill status=running completed=82 total=99 progress_percent=82.83 success=0 failed=0 skipped=82
progress task=media-drift-reconcile stage=brand_logo_and_certificate_thumbnail_backfill status=checking_variants completed=82 total=99 progress_percent=82.83 success=0 failed=0 skipped=82
progress task=media-drift-reconcile stage=brand_logo_and_certificate_thumbnail_backfill status=running completed=83 total=99 progress_percent=83.84 success=0 failed=0 skipped=83
progress task=media-drift-reconcile stage=brand_logo_and_certificate_thumbnail_backfill status=checking_variants completed=83 total=99 progress_percent=83.84 success=0 failed=0 skipped=83
progress task=media-drift-reconcile stage=brand_logo_and_certificate_thumbnail_backfill status=running completed=84 total=99 progress_percent=84.85 success=0 failed=0 skipped=84
progress task=media-drift-reconcile stage=brand_logo_and_certificate_thumbnail_backfill status=checking_variants completed=84 total=99 progress_percent=84.85 success=0 failed=0 skipped=84
progress task=media-drift-reconcile stage=brand_logo_and_certificate_thumbnail_backfill status=running completed=85 total=99 progress_percent=85.86 success=0 failed=0 skipped=85
progress task=media-drift-reconcile stage=brand_logo_and_certificate_thumbnail_backfill status=checking_variants completed=85 total=99 progress_percent=85.86 success=0 failed=0 skipped=85
progress task=media-drift-reconcile stage=brand_logo_and_certificate_thumbnail_backfill status=running completed=86 total=99 progress_percent=86.87 success=0 failed=0 skipped=86
progress task=media-drift-reconcile stage=brand_logo_and_certificate_thumbnail_backfill status=checking_variants completed=86 total=99 progress_percent=86.87 success=0 failed=0 skipped=86
progress task=media-drift-reconcile stage=brand_logo_and_certificate_thumbnail_backfill status=running completed=87 total=99 progress_percent=87.88 success=0 failed=0 skipped=87
progress task=media-drift-reconcile stage=brand_logo_and_certificate_thumbnail_backfill status=checking_variants completed=87 total=99 progress_percent=87.88 success=0 failed=0 skipped=87
progress task=media-drift-reconcile stage=brand_logo_and_certificate_thumbnail_backfill status=running completed=88 total=99 progress_percent=88.89 success=0 failed=0 skipped=88
progress task=media-drift-reconcile stage=brand_logo_and_certificate_thumbnail_backfill status=checking_variants completed=88 total=99 progress_percent=88.89 success=0 failed=0 skipped=88
progress task=media-drift-reconcile stage=brand_logo_and_certificate_thumbnail_backfill status=running completed=89 total=99 progress_percent=89.90 success=0 failed=0 skipped=89
progress task=media-drift-reconcile stage=brand_logo_and_certificate_thumbnail_backfill status=checking_variants completed=89 total=99 progress_percent=89.90 success=0 failed=0 skipped=89
progress task=media-drift-reconcile stage=brand_logo_and_certificate_thumbnail_backfill status=running completed=90 total=99 progress_percent=90.91 success=0 failed=0 skipped=90
progress task=media-drift-reconcile stage=brand_logo_and_certificate_thumbnail_backfill status=checking_variants completed=90 total=99 progress_percent=90.91 success=0 failed=0 skipped=90
progress task=media-drift-reconcile stage=brand_logo_and_certificate_thumbnail_backfill status=running completed=91 total=99 progress_percent=91.92 success=0 failed=0 skipped=91
progress task=media-drift-reconcile stage=brand_logo_and_certificate_thumbnail_backfill status=checking_variants completed=91 total=99 progress_percent=91.92 success=0 failed=0 skipped=91
progress task=media-drift-reconcile stage=brand_logo_and_certificate_thumbnail_backfill status=running completed=92 total=99 progress_percent=92.93 success=0 failed=0 skipped=92
progress task=media-drift-reconcile stage=brand_logo_and_certificate_thumbnail_backfill status=checking_variants completed=92 total=99 progress_percent=92.93 success=0 failed=0 skipped=92
progress task=media-drift-reconcile stage=brand_logo_and_certificate_thumbnail_backfill status=running completed=93 total=99 progress_percent=93.94 success=0 failed=0 skipped=93
progress task=media-drift-reconcile stage=brand_logo_and_certificate_thumbnail_backfill status=checking_variants completed=93 total=99 progress_percent=93.94 success=0 failed=0 skipped=93
progress task=media-drift-reconcile stage=brand_logo_and_certificate_thumbnail_backfill status=running completed=94 total=99 progress_percent=94.95 success=0 failed=0 skipped=94
progress task=media-drift-reconcile stage=brand_logo_and_certificate_thumbnail_backfill status=checking_variants completed=94 total=99 progress_percent=94.95 success=0 failed=0 skipped=94
progress task=media-drift-reconcile stage=brand_logo_and_certificate_thumbnail_backfill status=running completed=95 total=99 progress_percent=95.96 success=0 failed=0 skipped=95
progress task=media-drift-reconcile stage=brand_logo_and_certificate_thumbnail_backfill status=checking_variants completed=95 total=99 progress_percent=95.96 success=0 failed=0 skipped=95
progress task=media-drift-reconcile stage=brand_logo_and_certificate_thumbnail_backfill status=running completed=96 total=99 progress_percent=96.97 success=0 failed=0 skipped=96
progress task=media-drift-reconcile stage=brand_logo_and_certificate_thumbnail_backfill status=checking_variants completed=96 total=99 progress_percent=96.97 success=0 failed=0 skipped=96
progress task=media-drift-reconcile stage=brand_logo_and_certificate_thumbnail_backfill status=running completed=97 total=99 progress_percent=97.98 success=0 failed=0 skipped=97
progress task=media-drift-reconcile stage=brand_logo_and_certificate_thumbnail_backfill status=checking_variants completed=97 total=99 progress_percent=97.98 success=0 failed=0 skipped=97
progress task=media-drift-reconcile stage=brand_logo_and_certificate_thumbnail_backfill status=running completed=98 total=99 progress_percent=98.99 success=0 failed=0 skipped=98
progress task=media-drift-reconcile stage=brand_logo_and_certificate_thumbnail_backfill status=checking_variants completed=98 total=99 progress_percent=98.99 success=0 failed=0 skipped=98
progress task=media-drift-reconcile stage=brand_logo_and_certificate_thumbnail_backfill status=running completed=99 total=99 progress_percent=100.00 success=0 failed=0 skipped=99
progress task=media-drift-reconcile stage=brand_logo_and_certificate_thumbnail_backfill status=completed completed=4 total=5 progress_percent=80.00 success=0 failed=0 skipped=0
progress task=media-drift-reconcile stage=object_key_audit status=started completed=4 total=5 progress_percent=80.00 success=0 failed=0 skipped=0
progress task=media-drift-reconcile stage=object_key_audit status=completed completed=5 total=5 progress_percent=100.00 success=0 failed=0 skipped=0
